../Core/Src/main.c:124:6:ADC_Select_CH1	24	static
../Core/Src/main.c:133:6:ADC_Select_CH2	24	static
../Core/Src/main.c:142:6:ADC_Select_CH3	24	static
../Core/Src/main.c:151:6:ADC_Select_CH4	24	static
../Core/Src/main.c:160:10:ADC_Get_Value	24	static
../Core/Src/main.c:170:6:microDelay	16	static
../Core/Src/main.c:176:9:DHT11_Start	32	static
../Core/Src/main.c:205:9:DHT11_Read	16	static
../Core/Src/main.c:231:7:getCorrectionFactor	24	static
../Core/Src/main.c:235:7:getResistance	16	static
../Core/Src/main.c:242:7:getCorrectedResistance	24	static
../Core/Src/main.c:246:7:getCorrectedPPM	16	static
../Core/Src/main.c:250:7:gasEquation	8	static
../Core/Src/main.c:260:5:getValue	8	static
../Core/Src/main.c:265:7:voltageConversion	16	static
../Core/Src/main.c:269:7:getRatio	24	static
../Core/Src/main.c:274:7:getPPM	8	static
../Core/Src/main.c:278:7:coEquation	8	static
../Core/Src/main.c:287:7:dataPM25	24	static
../Core/Src/main.c:304:7:dataUVIndex	24	static
../Core/Src/main.c:312:7:uvEquation	8	static
../Core/Src/main.c:321:7:dewPoint	56	static
../Core/Src/main.c:334:5:main	240	static
../Core/Src/main.c:433:6:SystemClock_Config	88	static
../Core/Src/main.c:480:13:MX_ADC1_Init	24	static
../Core/Src/main.c:532:13:MX_TIM1_Init	32	static
../Core/Src/main.c:578:13:MX_USART1_UART_Init	8	static
../Core/Src/main.c:611:13:MX_USART2_UART_Init	8	static
../Core/Src/main.c:644:13:MX_USART3_UART_Init	8	static
../Core/Src/main.c:677:13:MX_GPIO_Init	56	static
../Core/Src/main.c:754:6:Error_Handler	4	static,ignoring_inline_asm
